###############################################################################
#                                                                             #
# IAR ELF Linker V6.30.1.53127/W32 for ARM              22/Sep/2012  16:30:03 #
# Copyright 2007-2011 IAR Systems AB.                                         #
#                                                                             #
#    Output file  =  F:\svn_server\kinetis_sc\build\iar\hello_world\RAM_16KB\ #
#                    Exe\hello_world_tower.out                                #
#    Map file     =  F:\svn_server\kinetis_sc\build\iar\hello_world\RAM_16KB\ #
#                    List\hello_world_tower.map                               #
#    Command line =  F:\svn_server\kinetis_sc\build\iar\hello_world\RAM_16KB\ #
#                    Obj\arm_cm4.o F:\svn_server\kinetis_sc\build\iar\hello_w #
#                    orld\RAM_16KB\Obj\assert.o F:\svn_server\kinetis_sc\buil #
#                    d\iar\hello_world\RAM_16KB\Obj\crt0.o                    #
#                    F:\svn_server\kinetis_sc\build\iar\hello_world\RAM_16KB\ #
#                    Obj\hello_world.o F:\svn_server\kinetis_sc\build\iar\hel #
#                    lo_world\RAM_16KB\Obj\hw_gpio.o                          #
#                    F:\svn_server\kinetis_sc\build\iar\hello_world\RAM_16KB\ #
#                    Obj\hw_spi.o F:\svn_server\kinetis_sc\build\iar\hello_wo #
#                    rld\RAM_16KB\Obj\io.o F:\svn_server\kinetis_sc\build\iar #
#                    \hello_world\RAM_16KB\Obj\isr.o                          #
#                    F:\svn_server\kinetis_sc\build\iar\hello_world\RAM_16KB\ #
#                    Obj\llwu.o F:\svn_server\kinetis_sc\build\iar\hello_worl #
#                    d\RAM_16KB\Obj\lptmr.o F:\svn_server\kinetis_sc\build\ia #
#                    r\hello_world\RAM_16KB\Obj\mcg.o                         #
#                    F:\svn_server\kinetis_sc\build\iar\hello_world\RAM_16KB\ #
#                    Obj\mcg_ram.o F:\svn_server\kinetis_sc\build\iar\hello_w #
#                    orld\RAM_16KB\Obj\memtest.o                              #
#                    F:\svn_server\kinetis_sc\build\iar\hello_world\RAM_16KB\ #
#                    Obj\pmc.o F:\svn_server\kinetis_sc\build\iar\hello_world #
#                    \RAM_16KB\Obj\rcm.o F:\svn_server\kinetis_sc\build\iar\h #
#                    ello_world\RAM_16KB\Obj\read.o                           #
#                    F:\svn_server\kinetis_sc\build\iar\hello_world\RAM_16KB\ #
#                    Obj\rtc.o F:\svn_server\kinetis_sc\build\iar\hello_world #
#                    \RAM_16KB\Obj\smc.o F:\svn_server\kinetis_sc\build\iar\h #
#                    ello_world\RAM_16KB\Obj\start.o                          #
#                    F:\svn_server\kinetis_sc\build\iar\hello_world\RAM_16KB\ #
#                    Obj\startup.o F:\svn_server\kinetis_sc\build\iar\hello_w #
#                    orld\RAM_16KB\Obj\sysinit.o                              #
#                    F:\svn_server\kinetis_sc\build\iar\hello_world\RAM_16KB\ #
#                    Obj\uart.o F:\svn_server\kinetis_sc\build\iar\hello_worl #
#                    d\RAM_16KB\Obj\uif.o F:\svn_server\kinetis_sc\build\iar\ #
#                    hello_world\RAM_16KB\Obj\vectors.o                       #
#                    F:\svn_server\kinetis_sc\build\iar\hello_world\RAM_16KB\ #
#                    Obj\wdog.o F:\svn_server\kinetis_sc\build\iar\hello_worl #
#                    d\RAM_16KB\Obj\write.o -o F:\svn_server\kinetis_sc\build #
#                    \iar\hello_world\RAM_16KB\Exe\hello_world_tower.out      #
#                    --map F:\svn_server\kinetis_sc\build\iar\hello_world\RAM #
#                    _16KB\List\hello_world_tower.map --config                #
#                    "F:\svn_server\kinetis_sc\build\iar\config               #
#                    files\ICE_RAM_K10DX128.icf" --semihosting --entry        #
#                    __iar_program_start "D:\Program Files\IAR                #
#                    Systems\Embedded Workbench 6.30.1\arm\CMSIS\Lib\IAR\iar_ #
#                    cortexM4l_math.a" --vfe                                  #
#                                                                             #
#                                                                             #
###############################################################################

*******************************************************************************
*** RUNTIME MODEL ATTRIBUTES
***

CppFlavor       = *
__SystemLibrary = DLib


*******************************************************************************
*** PLACEMENT SUMMARY
***

"A1":  place at 0x1fffe000 { ro section .intvec };
"A2":  place at 0x1fffe410 { ro section .noinit };
"P1":  place in [from 0x1fffe000 to 0x20002000] { ro, block CodeRelocate };
"P2":  place in [from 0x1fffe000 to 0x20002000] {
          rw, block CodeRelocateRam, block CSTACK, block HEAP };

  Section              Kind        Address    Size  Object
  -------              ----        -------    ----  ------
"A1":                                        0x410
  .intvec              const    0x1fffe000   0x410  vectors.o [1]
                              - 0x1fffe410   0x410

"A2":                                         0x28
  .noinit              ro code  0x1fffe410    0x28  crt0.o [1]
                              - 0x1fffe438    0x28

"P1":                                       0x2ee0
  .text                ro code  0x1fffe438   0xd1e  xprintffull_nomb.o [3]
  .text                ro code  0x1ffff156    0x22  zero_init3.o [5]
  .text                ro code  0x1ffff178    0x16  strchr.o [5]
  .text                ro code  0x1ffff190    0x36  strlen.o [5]
  .text                ro code  0x1ffff1c8    0x58  memchr.o [5]
  .text                ro code  0x1ffff220    0xee  I64DivMod.o [5]
  .text                ro code  0x1ffff310    0x76  ABImemcpy.o [5]
  .text                ro code  0x1ffff386    0x44  xdnorm.o [4]
  .text                ro code  0x1ffff3cc    0x2e  DblCmpLe.o [4]
  .text                ro code  0x1ffff3fc    0x2e  DblCmpGe.o [4]
  .text                ro code  0x1ffff42c   0x11a  xdscale.o [4]
  .text                ro code  0x1ffff548    0x58  DblToI32.o [4]
  .text                ro code  0x1ffff5a0    0x30  I32ToDbl.o [4]
  .text                ro code  0x1ffff5d0   0x180  DblSub.o [4]
  .text                ro code  0x1ffff750   0x1a2  DblMul.o [4]
  .text                ro code  0x1ffff8f4   0x246  DblDiv.o [4]
  .text                ro code  0x1ffffb3a     0xe  div.o [3]
  .text                ro code  0x1ffffb48     0x2  I64DivZer.o [5]
  .text                ro code  0x1ffffb4c    0xd4  DblAdd.o [4]
  .text                ro code  0x1ffffc20   0x33c  mcg.o [1]
  .text                ro code  0x1fffff5c   0x308  start.o [1]
  .text                ro code  0x20000264    0x38  wdog.o [1]
  .text                ro code  0x2000029c    0xc0  startup.o [1]
  .text                ro code  0x2000035c    0xe8  sysinit.o [1]
  .text                ro code  0x20000444   0x254  rcm.o [1]
  .text                ro code  0x20000698   0x208  hello_world.o [1]
  .text                ro code  0x200008a0    0x24  printf.o [3]
  .text                ro code  0x200008c4     0xc  arm_cm4.o [1]
  .text                ro code  0x200008d0   0x10c  uart.o [1]
  .text                ro code  0x200009dc   0x120  hw_spi.o [1]
  .text                ro code  0x20000afc   0x152  hw_gpio.o [1]
  .text                ro code  0x20000c50    0x48  lptmr.o [1]
  .text                ro code  0x20000c98    0x4c  write.o [1]
  .rodata              const    0x20000ce4    0x40  start.o [1]
  .rodata              const    0x20000d24    0x38  hello_world.o [1]
  .rodata              const    0x20000d5c    0x34  rcm.o [1]
  .rodata              const    0x20000d90    0x30  vectors.o [1]
  .text                ro code  0x20000dc0    0x2c  data_init3.o [5]
  .rodata              const    0x20000dec    0x28  rcm.o [1]
  .rodata              const    0x20000e14    0x28  rcm.o [1]
  .rodata              const    0x20000e3c    0x28  start.o [1]
  .rodata              const    0x20000e64    0x28  start.o [1]
  .rodata              const    0x20000e8c    0x28  start.o [1]
  .text                ro code  0x20000eb4    0x28  putchar.o [3]
  .rodata              const    0x20000edc    0x24  rcm.o [1]
  .rodata              const    0x20000f00    0x24  rcm.o [1]
  .iar.init_table      const    0x20000f24    0x10  - Linker created -
  .rodata              const    0x20000f34    0x20  rcm.o [1]
  .rodata              const    0x20000f54    0x20  rcm.o [1]
  .rodata              const    0x20000f74    0x20  rcm.o [1]
  .rodata              const    0x20000f94    0x20  start.o [1]
  .rodata              const    0x20000fb4    0x1c  rcm.o [1]
  .rodata              const    0x20000fd0    0x1c  rcm.o [1]
  .rodata              const    0x20000fec    0x1c  start.o [1]
  .rodata              const    0x20001008    0x18  rcm.o [1]
  .rodata              const    0x20001020    0x18  rcm.o [1]
  .rodata              const    0x20001038    0x18  rcm.o [1]
  .rodata              const    0x20001050    0x18  rcm.o [1]
  .rodata              const    0x20001068    0x18  rcm.o [1]
  .rodata              const    0x20001080    0x18  rcm.o [1]
  .rodata              const    0x20001098    0x18  start.o [1]
  .text                ro code  0x200010b0    0x18  vectors.o [1]
  .text                ro code  0x200010c8    0x16  cmain.o [5]
  .text                ro code  0x200010de     0x4  low_level_init.o [3]
  .text                ro code  0x200010e2     0x4  exit.o [3]
  .text                ro code  0x200010e8     0xa  cexit.o [5]
  .text                ro code  0x200010f4    0x14  exit.o [6]
  .text                ro code  0x20001108    0x16  xprout.o [3]
  .rodata              const    0x20001120    0x14  rcm.o [1]
  .rodata              const    0x20001134    0x14  rcm.o [1]
  .rodata              const    0x20001148    0x14  start.o [1]
  .rodata              const    0x2000115c    0x14  start.o [1]
  .rodata              const    0x20001170    0x14  start.o [1]
  .rodata              const    0x20001184    0x14  start.o [1]
  .rodata              const    0x20001198    0x14  start.o [1]
  .rodata              const    0x200011ac    0x14  start.o [1]
  .rodata              const    0x200011c0    0x14  start.o [1]
  .rodata              const    0x200011d4    0x14  start.o [1]
  .rodata              const    0x200011e8    0x14  start.o [1]
  .rodata              const    0x200011fc    0x14  start.o [1]
  CodeRelocate                  0x20001210    0x14  <Block>
    Initializer bytes  ro data  0x20001210    0x14  <for CodeRelocateRam-1>
  .rodata              const    0x20001224    0x10  rcm.o [1]
  .rodata              const    0x20001234    0x10  rcm.o [1]
  .rodata              const    0x20001244    0x10  rcm.o [1]
  .rodata              const    0x20001254    0x10  rcm.o [1]
  .rodata              const    0x20001264    0x10  start.o [1]
  .rodata              const    0x20001274    0x10  start.o [1]
  .rodata              const    0x20001284     0xc  rcm.o [1]
  .text                ro code  0x20001290     0xc  cstartup_M.o [5]
  .rodata              const    0x2000129c     0x8  start.o [1]
  .rodata              const    0x200012a4     0x8  start.o [1]
  .rodata              const    0x200012ac     0x8  start.o [1]
  .rodata              const    0x200012b4     0x8  start.o [1]
  .rodata              const    0x200012bc     0x8  start.o [1]
  .rodata              const    0x200012c4     0x8  start.o [1]
  .rodata              const    0x200012cc     0x8  start.o [1]
  .rodata              const    0x200012d4     0x8  start.o [1]
  .rodata              const    0x200012dc     0x8  start.o [1]
  .rodata              const    0x200012e4     0x8  start.o [1]
  .rodata              const    0x200012ec     0x8  start.o [1]
  .rodata              const    0x200012f4     0x8  start.o [1]
  .rodata              const    0x200012fc     0x8  start.o [1]
  .rodata              const    0x20001304     0x8  start.o [1]
  .rodata              const    0x2000130c     0x8  start.o [1]
  .data_init                    0x20001314     0x4  <Block>
    Initializer bytes  ro data  0x20001314     0x4  <for .data-1>
  .rodata              const    0x20001318     0x0  bwt_init3c.o [5]
                              - 0x20001318  0x2ee0

"P2", part 1 of 2:                            0x18
  CodeRelocateRam               0x20001318    0x14  <Block>
    CodeRelocateRam-1           0x20001318    0x14  <Init block>
      .textrw          inited   0x20001318    0x14  start.o [1]
  .data                         0x2000132c     0x4  <Block>
    .data-1                     0x2000132c     0x2  <Init block>
      .data            inited   0x2000132c     0x1  hello_world.o [1]
      .data            inited   0x2000132d     0x1  hello_world.o [1]
                              - 0x20001330    0x18

"P2", part 2 of 2:                            0x63
  .bss                          0x20001330    0x63  <Block>
    .bss               zero     0x20001330    0x10  hello_world.o [1]
    .bss               zero     0x20001340    0x40  hello_world.o [1]
    .bss               zero     0x20001380     0x4  sysinit.o [1]
    .bss               zero     0x20001384     0x4  sysinit.o [1]
    .bss               zero     0x20001388     0x4  sysinit.o [1]
    .bss               zero     0x2000138c     0x4  sysinit.o [1]
    .bss               zero     0x20001390     0x1  hello_world.o [1]
    .bss               zero     0x20001391     0x1  hello_world.o [1]
    .bss               zero     0x20001392     0x1  hello_world.o [1]
                              - 0x20001393    0x63


*******************************************************************************
*** INIT TABLE
***

          Address     Size
          -------     ----
Zero (__iar_zero_init3)
    1 destination range, total size 0x63:
          0x20001330  0x63



*******************************************************************************
*** MODULE SUMMARY
***

    Module              ro code  rw code  ro data  rw data
    ------              -------  -------  -------  -------
F:\svn_server\kinetis_sc\build\iar\hello_world\RAM_16KB\Obj: [1]
    arm_cm4.o                12
    crt0.o                   40
    hello_world.o           520                58       85
    hw_gpio.o               338
    hw_spi.o                288
    lptmr.o                  72
    mcg.o                   828
    rcm.o                   596               616
    start.o                 776       20      640
    startup.o               192
    sysinit.o               232                         16
    uart.o                  268
    vectors.o                24             1 088
    wdog.o                   56
    write.o                  76
    ------------------------------------------------------
    Total:                4 318       20    2 402      101

command line: [2]
    ------------------------------------------------------
    Total:

dl7M_tln.a: [3]
    div.o                    14
    exit.o                    4
    low_level_init.o          4
    printf.o                 36
    putchar.o                40
    xprintffull_nomb.o    3 358
    xprout.o                 22
    ------------------------------------------------------
    Total:                3 478

m7M_tl.a: [4]
    DblAdd.o                212
    DblCmpGe.o               46
    DblCmpLe.o               46
    DblDiv.o                582
    DblMul.o                418
    DblSub.o                384
    DblToI32.o               88
    I32ToDbl.o               48
    xdnorm.o                 68
    xdscale.o               282
    ------------------------------------------------------
    Total:                2 174

rt7M_tl.a: [5]
    ABImemcpy.o             118
    I64DivMod.o             238
    I64DivZer.o               2
    bwt_init3c.o
    cexit.o                  10
    cmain.o                  22
    cstartup_M.o             12
    data_init3.o             44
    memchr.o                 88
    strchr.o                 22
    strlen.o                 54
    zero_init3.o             34
    ------------------------------------------------------
    Total:                  644

shb_l.a: [6]
    exit.o                   20
    ------------------------------------------------------
    Total:                   20

    Gaps                     24                 2        2
    Linker created                             18
----------------------------------------------------------
    Grand Total:         10 658       20    2 422      103


*******************************************************************************
*** ENTRY LIST
***

Entry                      Address   Size  Type      Object
-----                      -------   ----  ----      ------
.bss$$Base              0x20001330          --   Gb  - Linker created -
.bss$$Limit             0x20001393          --   Gb  - Linker created -
.data$$Base             0x2000132c          --   Gb  - Linker created -
.data$$Limit            0x20001330          --   Gb  - Linker created -
.data_init$$Base        0x20001314          --   Gb  - Linker created -
.data_init$$Limit       0x20001318          --   Gb  - Linker created -
?main                   0x200010c9         Code  Gb  cmain.o [5]
CodeRelocate$$Base      0x20001210          --   Gb  - Linker created -
CodeRelocate$$Limit     0x20001224          --   Gb  - Linker created -
CodeRelocateRam$$Base   0x20001318          --   Gb  - Linker created -
CodeRelocateRam$$Limit  0x2000132c          --   Gb  - Linker created -
RS232_rec_com_flag      0x20001392    0x1  Data  Gb  hello_world.o [1]
RS422_rec_com_flag      0x20001391    0x1  Data  Gb  hello_world.o [1]
RX_422_buff             0x20001330   0x10  Data  Gb  hello_world.o [1]
RX_422_len              0x20001390    0x1  Data  Gb  hello_world.o [1]
Region$$Table$$Base     0x20000f24          --   Gb  - Linker created -
Region$$Table$$Limit    0x20000f34          --   Gb  - Linker created -
SpSub                   0x20001319   0x14  Code  Gb  start.o [1]
TX_422_buff             0x20001340   0x40  Data  Gb  hello_world.o [1]
TX_422_index            0x2000132c    0x1  Data  Gb  hello_world.o [1]
TX_422_len              0x2000132d    0x1  Data  Gb  hello_world.o [1]
_GenldFullNoMb          0x1fffee9d  0x270  Code  Lc  xprintffull_nomb.o [3]
_LdtobFullNoMb          0x1fffea8d  0x400  Code  Lc  xprintffull_nomb.o [3]
_LitobFullNoMb          0x1fffe967  0x126  Code  Lc  xprintffull_nomb.o [3]
_PrintfFullNoMb         0x1fffe439  0x52e  Code  Gb  xprintffull_nomb.o [3]
_Prout                  0x20001109   0x16  Code  Gb  xprout.o [3]
_PutcharsFullNoMb       0x1ffff10d   0x2e  Code  Lc  xprintffull_nomb.o [3]
__BOOT_STACK_ADDRESS {Abs}
                        0x20001ff8          --   Gb  command line/config [2]
__VECTOR_RAM {Abs}      0x1fffe000          --   Gb  command line/config [2]
__VECTOR_TABLE {Abs}    0x1fffe000          --   Gb  command line/config [2]
__aeabi_cdcmple         0x1ffff3cd         Code  Gb  DblCmpLe.o [4]
__aeabi_cdrcmple        0x1ffff3fd         Code  Gb  DblCmpGe.o [4]
__aeabi_d2iz            0x1ffff549         Code  Gb  DblToI32.o [4]
__aeabi_d2uiz           0x1ffff575         Code  Gb  DblToI32.o [4]
__aeabi_ddiv            0x1ffff8f5         Code  Gb  DblDiv.o [4]
__aeabi_dmul            0x1ffff751         Code  Gb  DblMul.o [4]
__aeabi_dsub            0x1ffff5d1         Code  Gb  DblSub.o [4]
__aeabi_i2d             0x1ffff5a1         Code  Gb  I32ToDbl.o [4]
__aeabi_ldiv0           0x1ffffb49         Code  Gb  I64DivZer.o [5]
__aeabi_memcpy          0x1ffff311         Code  Gb  ABImemcpy.o [5]
__aeabi_memcpy4         0x1ffff331         Code  Gb  ABImemcpy.o [5]
__aeabi_memcpy8         0x1ffff331         Code  Gb  ABImemcpy.o [5]
__aeabi_ui2d            0x1ffff5b5         Code  Gb  I32ToDbl.o [4]
__aeabi_uldivmod        0x1ffff221         Code  Gb  I64DivMod.o [5]
__cmain                 0x200010c9         Code  Gb  cmain.o [5]
__code_start__ {Abs}    0x1fffe410          --   Gb  command line/config [2]
__exit                  0x200010f5   0x14  Code  Gb  exit.o [6]
__iar_Dnorm             0x1ffff387   0x44  Code  Gb  xdnorm.o [4]
__iar_Dscale            0x1ffff42d  0x106  Code  Gb  xdscale.o [4]
__iar_Memchr            0x1ffff1c9         Code  Gb  memchr.o [5]
__iar_SB                0x20001318         Data  Gb  bwt_init3c.o [5]
__iar_Strchr            0x1ffff179         Code  Gb  strchr.o [5]
__iar_d2uiz             0x1ffff581         Code  Gb  DblToI32.o [4]
__iar_dadd              0x1ffffb4d         Code  Gb  DblAdd.o [4]
__iar_data_init3        0x20000dc1   0x2c  Code  Gb  data_init3.o [5]
__iar_default_requirements$$_Printf<unknown>printf {Abs}
                        0x00000000          --   Gb  printf.o [3]
__iar_dsub              0x1ffff5e5         Code  Gb  DblSub.o [4]
__iar_dsubStart         0x1ffff5f7         Code  Gb  DblSub.o [4]
__iar_program_start     0x20001291         Code  Gb  cstartup_M.o [5]
__iar_provide$$_Printf<flags,floats,hex_floats,int_specials,long_longs,n_formatters,qualifiers,widths>_PrintfFullNoMb {Abs}
                        0x00000000          --   Gb  xprintffull_nomb.o [3]
__iar_ui2d              0x1ffff5b9         Code  Gb  I32ToDbl.o [4]
__iar_zero_init3        0x1ffff157   0x22  Code  Gb  zero_init3.o [5]
__low_level_init        0x200010df    0x4  Code  Gb  low_level_init.o [3]
__startup               0x1fffe411         Code  Gb  crt0.o [1]
__vector_table          0x1fffe000  0x410  Data  Gb  vectors.o [1]
__write                 0x20000c99   0x4c  Code  Gb  write.o [1]
_call_main              0x200010d5         Code  Gb  cmain.o [5]
_exit                   0x200010e9         Code  Gb  cexit.o [5]
_main                   0x200010db         Code  Gb  cmain.o [5]
common_startup          0x2000029d   0xc0  Code  Gb  startup.o [1]
core_clk_khz            0x20001388    0x4  Data  Gb  sysinit.o [1]
cpu_identify            0x1fffff79  0x1a0  Code  Gb  start.o [1]
default_isr             0x200010b1   0x18  Code  Gb  vectors.o [1]
div                     0x1ffffb3b    0xe  Code  Gb  div.o [3]
exit                    0x200010e3    0x4  Code  Gb  exit.o [3]
flash_identify          0x20000119   0x94  Code  Gb  start.o [1]
hw_gpio_get_port_addr   0x20000afd   0x3c  Code  Gb  hw_gpio.o [1]
hw_gpio_get_pt_addr     0x20000b39   0x3c  Code  Gb  hw_gpio.o [1]
hw_gpio_init            0x20000ba1   0x80  Code  Gb  hw_gpio.o [1]
hw_gpio_set             0x20000c21   0x2e  Code  Gb  hw_gpio.o [1]
hw_spi_get_base_address
                        0x20000ab1    0x4  Code  Gb  hw_spi.o [1]
hw_spi_init             0x200009dd   0x60  Code  Gb  hw_spi.o [1]
hw_spi_re               0x20000a7f   0x32  Code  Gb  hw_spi.o [1]
hw_spi_send             0x20000a3d   0x42  Code  Gb  hw_spi.o [1]
hw_spi_start_transfer   0x20000aed   0x10  Code  Gb  hw_spi.o [1]
hw_spi_stop_transfer    0x20000add   0x10  Code  Gb  hw_spi.o [1]
hw_uart1_422_init       0x2000099f   0x22  Code  Gb  uart.o [1]
hw_uart_sendN           0x2000097b   0x24  Code  Gb  uart.o [1]
main                    0x20000699  0x208  Code  Gb  hello_world.o [1]
mcg_clk_hz              0x20001380    0x4  Data  Gb  sysinit.o [1]
mcg_clk_khz             0x20001384    0x4  Data  Gb  sysinit.o [1]
memchr                  0x1ffff1c9         Code  Gb  memchr.o [5]
outSRS                  0x20000445  0x1e0  Code  Gb  rcm.o [1]
periph_clk_khz          0x2000138c    0x4  Data  Gb  sysinit.o [1]
pll_init                0x1ffffc21  0x2f4  Code  Gb  mcg.o [1]
printf                  0x200008a1   0x24  Code  Gb  printf.o [3]
putchar                 0x20000eb5   0x28  Code  Gb  putchar.o [3]
start                   0x1fffff5d   0x1c  Code  Gb  start.o [1]
strchr                  0x1ffff179         Code  Gb  strchr.o [5]
strlen                  0x1ffff191         Code  Gb  strlen.o [5]
sysinit                 0x2000035d   0xbc  Code  Gb  sysinit.o [1]
time_delay_ms           0x20000c51   0x38  Code  Gb  lptmr.o [1]
uart_init               0x200008d1   0xa0  Code  Gb  uart.o [1]
uart_putchar            0x20000971    0xa  Code  Gb  uart.o [1]
wdog_disable            0x20000265   0x16  Code  Gb  wdog.o [1]
wdog_unlock             0x2000027d   0x16  Code  Gb  wdog.o [1]
write_vtor              0x200008c5    0x6  Code  Gb  arm_cm4.o [1]


[1] = F:\svn_server\kinetis_sc\build\iar\hello_world\RAM_16KB\Obj
[2] = command line
[3] = dl7M_tln.a
[4] = m7M_tl.a
[5] = rt7M_tl.a
[6] = shb_l.a

  10 658 bytes of readonly  code memory
      20 bytes of readwrite code memory
   2 422 bytes of readonly  data memory
     103 bytes of readwrite data memory

Errors: none
Warnings: none
