###############################################################################
#                                                                             #
# IAR ELF Linker V6.40.2.53884/W32 for ARM              21/Sep/2012  21:27:13 #
# Copyright 2007-2012 IAR Systems AB.                                         #
#                                                                             #
#    Output file  =  F:\svn_server\kinetis_sc\build\iar\hello_world\FLASH_128 #
#                    KB_PFLASH\Exe\hello_world_tower.out                      #
#    Map file     =  F:\svn_server\kinetis_sc\build\iar\hello_world\FLASH_128 #
#                    KB_PFLASH\List\hello_world_tower.map                     #
#    Command line =  F:\svn_server\kinetis_sc\build\iar\hello_world\FLASH_128 #
#                    KB_PFLASH\Obj\arm_cm4.o F:\svn_server\kinetis_sc\build\i #
#                    ar\hello_world\FLASH_128KB_PFLASH\Obj\assert.o           #
#                    F:\svn_server\kinetis_sc\build\iar\hello_world\FLASH_128 #
#                    KB_PFLASH\Obj\crt0.o F:\svn_server\kinetis_sc\build\iar\ #
#                    hello_world\FLASH_128KB_PFLASH\Obj\hello_world.o         #
#                    F:\svn_server\kinetis_sc\build\iar\hello_world\FLASH_128 #
#                    KB_PFLASH\Obj\hw_gpio.o F:\svn_server\kinetis_sc\build\i #
#                    ar\hello_world\FLASH_128KB_PFLASH\Obj\hw_spi.o           #
#                    F:\svn_server\kinetis_sc\build\iar\hello_world\FLASH_128 #
#                    KB_PFLASH\Obj\io.o F:\svn_server\kinetis_sc\build\iar\he #
#                    llo_world\FLASH_128KB_PFLASH\Obj\isr.o                   #
#                    F:\svn_server\kinetis_sc\build\iar\hello_world\FLASH_128 #
#                    KB_PFLASH\Obj\llwu.o F:\svn_server\kinetis_sc\build\iar\ #
#                    hello_world\FLASH_128KB_PFLASH\Obj\lptmr.o               #
#                    F:\svn_server\kinetis_sc\build\iar\hello_world\FLASH_128 #
#                    KB_PFLASH\Obj\mcg.o F:\svn_server\kinetis_sc\build\iar\h #
#                    ello_world\FLASH_128KB_PFLASH\Obj\mcg_ram.o              #
#                    F:\svn_server\kinetis_sc\build\iar\hello_world\FLASH_128 #
#                    KB_PFLASH\Obj\memtest.o F:\svn_server\kinetis_sc\build\i #
#                    ar\hello_world\FLASH_128KB_PFLASH\Obj\pmc.o              #
#                    F:\svn_server\kinetis_sc\build\iar\hello_world\FLASH_128 #
#                    KB_PFLASH\Obj\rcm.o F:\svn_server\kinetis_sc\build\iar\h #
#                    ello_world\FLASH_128KB_PFLASH\Obj\read.o                 #
#                    F:\svn_server\kinetis_sc\build\iar\hello_world\FLASH_128 #
#                    KB_PFLASH\Obj\rtc.o F:\svn_server\kinetis_sc\build\iar\h #
#                    ello_world\FLASH_128KB_PFLASH\Obj\smc.o                  #
#                    F:\svn_server\kinetis_sc\build\iar\hello_world\FLASH_128 #
#                    KB_PFLASH\Obj\start.o F:\svn_server\kinetis_sc\build\iar #
#                    \hello_world\FLASH_128KB_PFLASH\Obj\startup.o            #
#                    F:\svn_server\kinetis_sc\build\iar\hello_world\FLASH_128 #
#                    KB_PFLASH\Obj\sysinit.o F:\svn_server\kinetis_sc\build\i #
#                    ar\hello_world\FLASH_128KB_PFLASH\Obj\uart.o             #
#                    F:\svn_server\kinetis_sc\build\iar\hello_world\FLASH_128 #
#                    KB_PFLASH\Obj\uif.o F:\svn_server\kinetis_sc\build\iar\h #
#                    ello_world\FLASH_128KB_PFLASH\Obj\vectors.o              #
#                    F:\svn_server\kinetis_sc\build\iar\hello_world\FLASH_128 #
#                    KB_PFLASH\Obj\wdog.o F:\svn_server\kinetis_sc\build\iar\ #
#                    hello_world\FLASH_128KB_PFLASH\Obj\write.o -o            #
#                    F:\svn_server\kinetis_sc\build\iar\hello_world\FLASH_128 #
#                    KB_PFLASH\Exe\hello_world_tower.out --map                #
#                    F:\svn_server\kinetis_sc\build\iar\hello_world\FLASH_128 #
#                    KB_PFLASH\List\hello_world_tower.map --config            #
#                    "F:\svn_server\kinetis_sc\build\iar\hello_world\..\confi #
#                    g files\128KB_Pflash.icf" --diag_suppress Lp012          #
#                    --semihosting --entry __iar_program_start "C:\Program    #
#                    Files\IAR Systems\Embedded Workbench 6.4                 #
#                    Evaluation\arm\CMSIS\Lib\IAR\iar_cortexM4l_math.a" --vfe #
#                                                                             #
#                                                                             #
###############################################################################

*******************************************************************************
*** RUNTIME MODEL ATTRIBUTES
***

CppFlavor                     = *
__Heap_Handler                = Basic
__SystemLibrary               = DLib
__dlib_dynamic_initialization = normal


*******************************************************************************
*** PLACEMENT SUMMARY
***

"A1":  place at 0x00000000 { ro section .intvec };
"A2":  place at 0x00000410 { ro section .noinit };
"P1":  place in [from 0x00000000 to 0x00020000] { ro, block CodeRelocate };
"P2":  place in [from 0x1fffe400 to 0x20002000] {
          rw, block CodeRelocateRam, block CSTACK, block HEAP };

  Section              Kind        Address    Size  Object
  -------              ----        -------    ----  ------
"A1":                                        0x410
  .intvec              const    0x00000000   0x410  vectors.o [1]
                              - 0x00000410   0x410

"A2":                                         0x28
  .noinit              ro code  0x00000410    0x28  crt0.o [1]
                              - 0x00000438    0x28

"P1":                                       0x36b4
  .text                ro code  0x00000438   0xcb6  xprintffull_nomb.o [3]
  .text                ro code  0x000010ee    0x22  zero_init3.o [5]
  .text                ro code  0x00001110    0x16  strchr.o [5]
  .text                ro code  0x00001128    0x36  strlen.o [5]
  .text                ro code  0x00001160    0x58  memchr.o [5]
  .text                ro code  0x000011b8    0xee  I64DivMod.o [5]
  .text                ro code  0x000012a8    0x76  ABImemcpy.o [5]
  .text                ro code  0x0000131e    0x42  xdnorm.o [4]
  .text                ro code  0x00001360    0x2e  DblCmpLe.o [4]
  .text                ro code  0x00001390    0x2e  DblCmpGe.o [4]
  .text                ro code  0x000013c0   0x10c  xdscale.o [4]
  .text                ro code  0x000014cc    0x58  DblToI32.o [4]
  .text                ro code  0x00001524    0x30  I32ToDbl.o [4]
  .text                ro code  0x00001554   0x180  DblSub.o [4]
  .text                ro code  0x000016d4   0x1a2  DblMul.o [4]
  .text                ro code  0x00001878   0x246  DblDiv.o [4]
  .text                ro code  0x00001ac0    0x6c  localeconv.o [3]
  .text                ro code  0x00001b2c     0xe  div.o [3]
  .text                ro code  0x00001b3c     0x2  I64DivZer.o [5]
  .text                ro code  0x00001b40    0xd4  DblAdd.o [4]
  .text                ro code  0x00001c14     0x2  xtls.o [3]
  Veneer               ro code  0x00001c18     0x8  - Linker created -
  .text                ro code  0x00001c20   0x308  start.o [1]
  .text                ro code  0x00001f28    0x38  wdog.o [1]
  .text                ro code  0x00001f60    0x9c  startup.o [1]
  .text                ro code  0x00001ffc    0xe8  sysinit.o [1]
  .text                ro code  0x000020e4   0x250  rcm.o [1]
  .text                ro code  0x00002334   0x1e4  hello_world.o [1]
  .text                ro code  0x00002518    0x24  printf.o [3]
  .text                ro code  0x0000253c    0xb8  arm_cm4.o [1]
  .text                ro code  0x000025f4   0x2e0  mcg.o [1]
  .text                ro code  0x000028d4   0x124  uart.o [1]
  .text                ro code  0x000029f8   0x120  hw_spi.o [1]
  .text                ro code  0x00002b18   0x120  hw_gpio.o [1]
  .data_init                    0x00002c38    0xe8  <Block>
    Initializer bytes  ro data  0x00002c38    0xe8  <for .data-1> (used: 0xe4)
  .text                ro code  0x00002d20    0xe0  XShHandles.o [3]
  .text                ro code  0x00002e00    0xd6  xfspos.o [3]
  .text                ro code  0x00002ed8    0xb0  fflush.o [3]
  .text                ro code  0x00002f88     0xc  xfgpos.o [3]
  .text                ro code  0x00002f94    0x4c  lseek.o [6]
  .text                ro code  0x00002fe0     0xc  errno.o [3]
  .text                ro code  0x00002fec     0x4  xsyslock_nop.o [3]
  .text                ro code  0x00002ff0    0x48  write.o [1]
  .text                ro code  0x00003038    0xb6  xfwprep.o [3]
  .text                ro code  0x000030f0    0xb0  xxmemxmalloc.o [3]
  .text                ro code  0x000031a0    0x22  fseek.o [3]
  .text                ro code  0x000031c4    0x80  xxmemxfree.o [3]
  .text                ro code  0x00003244    0x28  xgetmemchunk.o [3]
  .text                ro code  0x0000326c    0x80  xfofind.o [3]
  .text                ro code  0x000032ec    0x7a  fclose.o [3]
  .text                ro code  0x00003366    0x1a  close.o [6]
  .text                ro code  0x00003380    0x16  remove.o [6]
  .text                ro code  0x00003398    0x58  xcloseall.o [3]
  .text                ro code  0x000033f0    0x56  fputc.o [3]
  .rodata              const    0x00003448    0x40  start.o [1]
  .rodata              const    0x00003488    0x38  arm_cm4.o [1]
  .rodata              const    0x000034c0    0x38  hello_world.o [1]
  .rodata              const    0x000034f8    0x34  rcm.o [1]
  .rodata              const    0x0000352c    0x30  vectors.o [1]
  .rodata              const    0x0000355c    0x28  rcm.o [1]
  .rodata              const    0x00003584    0x28  rcm.o [1]
  .rodata              const    0x000035ac    0x28  start.o [1]
  .rodata              const    0x000035d4    0x28  start.o [1]
  .rodata              const    0x000035fc    0x28  start.o [1]
  .text                ro code  0x00003624    0x28  data_init3.o [5]
  .rodata              const    0x0000364c    0x24  rcm.o [1]
  .rodata              const    0x00003670    0x24  rcm.o [1]
  .iar.init_table      const    0x00003694    0x18  - Linker created -
  .rodata              const    0x000036ac    0x20  rcm.o [1]
  .rodata              const    0x000036cc    0x20  rcm.o [1]
  .rodata              const    0x000036ec    0x20  rcm.o [1]
  .rodata              const    0x0000370c    0x20  start.o [1]
  .rodata              const    0x0000372c    0x1c  rcm.o [1]
  .rodata              const    0x00003748    0x1c  rcm.o [1]
  .rodata              const    0x00003764    0x1c  start.o [1]
  .rodata              const    0x00003780    0x18  rcm.o [1]
  .rodata              const    0x00003798    0x18  rcm.o [1]
  .rodata              const    0x000037b0    0x18  rcm.o [1]
  .rodata              const    0x000037c8    0x18  rcm.o [1]
  .rodata              const    0x000037e0    0x18  rcm.o [1]
  .rodata              const    0x000037f8    0x18  rcm.o [1]
  .rodata              const    0x00003810    0x18  start.o [1]
  .text                ro code  0x00003828    0x18  vectors.o [1]
  .text                ro code  0x00003840    0x16  cmain.o [5]
  .text                ro code  0x00003856     0x4  low_level_init.o [3]
  .text                ro code  0x0000385a     0x4  exit.o [3]
  .text                ro code  0x00003860     0xe  cexit.o [5]
  .text                ro code  0x00003870    0x14  exit.o [6]
  .text                ro code  0x00003884    0x16  xprout.o [3]
  .text                ro code  0x0000389c     0xc  putchar.o [3]
  .rodata              const    0x000038a8    0x14  rcm.o [1]
  .rodata              const    0x000038bc    0x14  rcm.o [1]
  .rodata              const    0x000038d0    0x14  start.o [1]
  .rodata              const    0x000038e4    0x14  start.o [1]
  .rodata              const    0x000038f8    0x14  start.o [1]
  .rodata              const    0x0000390c    0x14  start.o [1]
  .rodata              const    0x00003920    0x14  start.o [1]
  .rodata              const    0x00003934    0x14  start.o [1]
  .rodata              const    0x00003948    0x14  start.o [1]
  .rodata              const    0x0000395c    0x14  start.o [1]
  .rodata              const    0x00003970    0x14  start.o [1]
  .rodata              const    0x00003984    0x14  start.o [1]
  CodeRelocate                  0x00003998    0x14  <Block>
    Initializer bytes  ro data  0x00003998    0x14  <for CodeRelocateRam-1>
  .rodata              const    0x000039ac    0x10  rcm.o [1]
  .rodata              const    0x000039bc    0x10  rcm.o [1]
  .rodata              const    0x000039cc    0x10  rcm.o [1]
  .rodata              const    0x000039dc    0x10  rcm.o [1]
  .rodata              const    0x000039ec    0x10  start.o [1]
  .rodata              const    0x000039fc    0x10  start.o [1]
  .rodata              const    0x00003a0c     0xc  rcm.o [1]
  .text                ro code  0x00003a18     0xc  cstartup_M.o [5]
  .rodata              const    0x00003a24     0x8  start.o [1]
  .rodata              const    0x00003a2c     0x8  start.o [1]
  .rodata              const    0x00003a34     0x8  start.o [1]
  .rodata              const    0x00003a3c     0x8  start.o [1]
  .rodata              const    0x00003a44     0x8  start.o [1]
  .rodata              const    0x00003a4c     0x8  start.o [1]
  .rodata              const    0x00003a54     0x8  start.o [1]
  .rodata              const    0x00003a5c     0x8  start.o [1]
  .rodata              const    0x00003a64     0x8  start.o [1]
  .rodata              const    0x00003a6c     0x8  start.o [1]
  .rodata              const    0x00003a74     0x8  start.o [1]
  .rodata              const    0x00003a7c     0x8  start.o [1]
  .rodata              const    0x00003a84     0x8  start.o [1]
  .rodata              const    0x00003a8c     0x8  start.o [1]
  .rodata              const    0x00003a94     0x8  start.o [1]
  .text                ro code  0x00003a9c     0x0  cstart_closeall.o [5]
  .rodata              const    0x00003a9c     0x0  zero_init3.o [5]
  Initializer bytes    ro data  0x00003a9c    0x50  <for P2 s0>
                              - 0x00003aec  0x36b4

"P2", part 1 of 5:                            0xf8
  .data                         0x1fffe400    0xe4  <Block>
    .data-1                     0x1fffe400    0xe4  <Init block>
      .data            inited   0x1fffe400     0x1  hello_world.o [1]
      .data            inited   0x1fffe401     0x1  hello_world.o [1]
      .data            inited   0x1fffe404    0x40  xfiles.o [3]
      .data            inited   0x1fffe444    0x40  xfiles.o [3]
      .data            inited   0x1fffe484    0x40  xfiles.o [3]
      .data            inited   0x1fffe4c4    0x20  xfiles.o [3]
  CodeRelocateRam               0x1fffe4e4    0x14  <Block>
    CodeRelocateRam-1           0x1fffe4e4    0x14  <Init block>
      .textrw          inited   0x1fffe4e4    0x14  start.o [1]
                              - 0x1fffe4f8    0xf8

"P2", part 2 of 5:                           0x190
  .bss                          0x1fffe4f8   0x18f  <Block>
    .bss               zero     0x1fffe4f8    0x10  hello_world.o [1]
    .bss               zero     0x1fffe508    0x40  hello_world.o [1]
    .bss               zero     0x1fffe548     0x4  sysinit.o [1]
    .bss               zero     0x1fffe54c     0x4  sysinit.o [1]
    .bss               zero     0x1fffe550     0x4  sysinit.o [1]
    .bss               zero     0x1fffe554     0x4  sysinit.o [1]
    .bss               zero     0x1fffe558    0x50  xfiles.o [3]
    .bss               zero     0x1fffe5a8    0x50  xfiles.o [3]
    .bss               zero     0x1fffe5f8     0x8  xxmemxmalloc.o [3]
    .bss               zero     0x1fffe600     0x4  xgetmemchunk.o [3]
    .bss               zero     0x1fffe604    0x80  XShHandles.o [3]
    .bss               zero     0x1fffe684     0x1  hello_world.o [1]
    .bss               zero     0x1fffe685     0x1  hello_world.o [1]
    .bss               zero     0x1fffe686     0x1  hello_world.o [1]
                              - 0x1fffe687   0x18f

"P2", part 3 of 5:                           0x400
  HEAP                          0x1fffe688   0x400  <Block>
    HEAP               uninit   0x1fffe688   0x400  <Block tail>
                              - 0x1fffea88   0x400

"P2", part 4 of 5:                            0x50
  P2 s0                         0x1fffea88    0x50  <Init block>
    __DLIB_PERTHREAD   inited   0x1fffea88    0x50  localeconv.o [3]
                              - 0x1fffead8    0x50

"P2", part 5 of 5:                             0x4
  __DLIB_PERTHREAD     zero     0x1fffead8     0x4  errno.o [3]
                              - 0x1fffeadc     0x4


*******************************************************************************
*** INIT TABLE
***

          Address     Size
          -------     ----
Zero (__iar_zero_init3)
    2 destination ranges, total size 0x193:
          0x1fffe4f8  0x18f
          0x1fffead8    0x4



*******************************************************************************
*** MODULE SUMMARY
***

    Module              ro code  rw code  ro data  rw data
    ------              -------  -------  -------  -------
F:\svn_server\kinetis_sc\build\iar\hello_world\FLASH_128KB_PFLASH\Obj: [1]
    arm_cm4.o               184                56
    crt0.o                   40
    hello_world.o           484                58       85
    hw_gpio.o               288
    hw_spi.o                288
    mcg.o                   736
    rcm.o                   592               616
    start.o                 776       20      640
    startup.o               156
    sysinit.o               232                         16
    uart.o                  292
    vectors.o                24             1 088
    wdog.o                   56
    write.o                  72
    ------------------------------------------------------
    Total:                4 220       20    2 458      101

command line: [2]
    ------------------------------------------------------
    Total:

dl7M_tlf.a: [3]
    XShHandles.o            224                        128
    div.o                    14
    errno.o                  12                          4
    exit.o                    4
    fclose.o                122
    fflush.o                176
    fputc.o                  86
    fseek.o                  34
    localeconv.o            108                80       80
    low_level_init.o          4
    printf.o                 36
    putchar.o                12
    xcloseall.o              88
    xfgpos.o                 12
    xfiles.o                                  226      384
    xfofind.o               128
    xfspos.o                214
    xfwprep.o               182
    xgetmemchunk.o           40                          4
    xprintffull_nomb.o    3 254
    xprout.o                 22
    xsyslock_nop.o            4
    xtls.o                    2
    xxmemxfree.o            128
    xxmemxmalloc.o          176                          8
    ------------------------------------------------------
    Total:                5 082               306      608

m7M_tl.a: [4]
    DblAdd.o                212
    DblCmpGe.o               46
    DblCmpLe.o               46
    DblDiv.o                582
    DblMul.o                418
    DblSub.o                384
    DblToI32.o               88
    I32ToDbl.o               48
    xdnorm.o                 66
    xdscale.o               268
    ------------------------------------------------------
    Total:                2 158

rt7M_tl.a: [5]
    ABImemcpy.o             118
    I64DivMod.o             238
    I64DivZer.o               2
    cexit.o                  14
    cmain.o                  22
    cstart_closeall.o
    cstartup_M.o             12
    data_init3.o             40
    memchr.o                 88
    strchr.o                 22
    strlen.o                 54
    zero_init3.o             34
    ------------------------------------------------------
    Total:                  644

shb_l.a: [6]
    close.o                  26
    exit.o                   20
    lseek.o                  76
    remove.o                 22
    ------------------------------------------------------
    Total:                  144

    Gaps                     34                 2        2
    Linker created            8                28    1 024
----------------------------------------------------------
    Grand Total:         12 290       20    2 794    1 735


*******************************************************************************
*** ENTRY LIST
***

Entry                      Address   Size  Type      Object
-----                      -------   ----  ----      ------
.bss$$Base              0x1fffe4f8          --   Gb  - Linker created -
.bss$$Limit             0x1fffe687          --   Gb  - Linker created -
.data$$Base             0x1fffe400          --   Gb  - Linker created -
.data$$Limit            0x1fffe4e4          --   Gb  - Linker created -
.data_init$$Base        0x00002c38          --   Gb  - Linker created -
.data_init$$Limit       0x00002d20          --   Gb  - Linker created -
?main                   0x00003841         Code  Gb  cmain.o [5]
CodeRelocate$$Base      0x00003998          --   Gb  - Linker created -
CodeRelocate$$Limit     0x000039ac          --   Gb  - Linker created -
CodeRelocateRam$$Base   0x1fffe4e4          --   Gb  - Linker created -
CodeRelocateRam$$Limit  0x1fffe4f8          --   Gb  - Linker created -
HEAP$$Base              0x1fffe688          --   Gb  - Linker created -
HEAP$$Limit             0x1fffea88          --   Gb  - Linker created -
RS232_rec_com_flag      0x1fffe686    0x1  Data  Gb  hello_world.o [1]
RS422_rec_com_flag      0x1fffe685    0x1  Data  Gb  hello_world.o [1]
RX_422_buff             0x1fffe4f8   0x10  Data  Gb  hello_world.o [1]
RX_422_len              0x1fffe684    0x1  Data  Gb  hello_world.o [1]
Region$$Table$$Base     0x00003694          --   Gb  - Linker created -
Region$$Table$$Limit    0x000036ac          --   Gb  - Linker created -
SpSub                   0x1fffe4e5   0x14  Code  Gb  start.o [1]
TX_422_buff             0x1fffe508   0x40  Data  Gb  hello_world.o [1]
TX_422_index            0x1fffe400    0x1  Data  Gb  hello_world.o [1]
TX_422_len              0x1fffe401    0x1  Data  Gb  hello_world.o [1]
_Close_all              0x00003399   0x58  Code  Gb  xcloseall.o [3]
_Files                  0x1fffe4c4   0x20  Data  Gb  xfiles.o [3]
_Fofree                 0x0000326d   0x7a  Code  Gb  xfofind.o [3]
_Fspos                  0x00002e01   0xd6  Code  Gb  xfspos.o [3]
_Fwprep                 0x00003039   0xb6  Code  Gb  xfwprep.o [3]
_GenldFullNoMb          0x00000e59  0x24e  Code  Lc  xprintffull_nomb.o [3]
_LdtobFullNoMb          0x00000a59  0x3fa  Code  Lc  xprintffull_nomb.o [3]
_LitobFullNoMb          0x00000943  0x10e  Code  Lc  xprintffull_nomb.o [3]
_Locale_lconv           0x1fffea88   0x50  Data  Gb  localeconv.o [3]
_Nnl                    0x00002f89    0xc  Code  Gb  xfgpos.o [3]
_PrintfFullNoMb         0x00000439  0x504  Code  Gb  xprintffull_nomb.o [3]
_Prout                  0x00003885   0x16  Code  Gb  xprout.o [3]
_PutcharsFullNoMb       0x000010a7   0x2e  Code  Lc  xprintffull_nomb.o [3]
__BOOT_STACK_ADDRESS {Abs}
                        0x20001ff8          --   Gb  command line/config [2]
__VECTOR_RAM {Abs}      0x1fffe000          --   Gb  command line/config [2]
__VECTOR_TABLE {Abs}    0x00000000          --   Gb  command line/config [2]
__aeabi_cdcmple         0x00001361         Code  Gb  DblCmpLe.o [4]
__aeabi_cdrcmple        0x00001391         Code  Gb  DblCmpGe.o [4]
__aeabi_d2iz            0x000014cd         Code  Gb  DblToI32.o [4]
__aeabi_d2uiz           0x000014f9         Code  Gb  DblToI32.o [4]
__aeabi_ddiv            0x00001879         Code  Gb  DblDiv.o [4]
__aeabi_dmul            0x000016d5         Code  Gb  DblMul.o [4]
__aeabi_dsub            0x00001555         Code  Gb  DblSub.o [4]
__aeabi_errno_addr      0x00002fe1    0x6  Code  Gb  errno.o [3]
__aeabi_i2d             0x00001525         Code  Gb  I32ToDbl.o [4]
__aeabi_ldiv0           0x00001b3d         Code  Gb  I64DivZer.o [5]
__aeabi_memcpy          0x000012a9         Code  Gb  ABImemcpy.o [5]
__aeabi_memcpy4         0x000012c9         Code  Gb  ABImemcpy.o [5]
__aeabi_memcpy8         0x000012c9         Code  Gb  ABImemcpy.o [5]
__aeabi_ui2d            0x00001539         Code  Gb  I32ToDbl.o [4]
__aeabi_uldivmod        0x000011b9         Code  Gb  I64DivMod.o [5]
__cexit_closeall        0x00003863         Code  Gb  cexit.o [5]
__close                 0x00003367   0x1a  Code  Gb  close.o [6]
__cmain                 0x00003841         Code  Gb  cmain.o [5]
__cstart_closeall       0x00003a9c         Data  Gb  cstart_closeall.o [5]
__data_Aldata           0x1fffe5f8    0x8  Data  Gb  xxmemxmalloc.o [3]
__data_GetMemChunk      0x00003245   0x28  Code  Gb  xgetmemchunk.o [3]
__exit                  0x00003871   0x14  Code  Gb  exit.o [6]
__iar_Dnorm             0x0000131f   0x42  Code  Gb  xdnorm.o [4]
__iar_Dscale            0x000013c1  0x10c  Code  Gb  xdscale.o [4]
__iar_Errno             0x1fffead8    0x4  Data  Gb  errno.o [3]
__iar_Locale_lconv_init
                        0x00001ac1   0x3a  Code  Gb  localeconv.o [3]
__iar_Lockfilelock      0x00002fed    0x2  Code  Gb  xsyslock_nop.o [3]
__iar_Memchr            0x00001161         Code  Gb  memchr.o [5]
__iar_Stderr            0x1fffe484   0x40  Data  Gb  xfiles.o [3]
__iar_Stdin             0x1fffe404   0x40  Data  Gb  xfiles.o [3]
__iar_Stdout            0x1fffe444   0x40  Data  Gb  xfiles.o [3]
__iar_Strchr            0x00001111         Code  Gb  strchr.o [5]
__iar_Unlockfilelock    0x00002fef    0x2  Code  Gb  xsyslock_nop.o [3]
__iar_d2uiz             0x00001505         Code  Gb  DblToI32.o [4]
__iar_dadd              0x00001b41         Code  Gb  DblAdd.o [4]
__iar_data_init3        0x00003625   0x28  Code  Gb  data_init3.o [5]
__iar_dlib_perthread_access
                        0x00001c15    0x2  Code  Gb  xtls.o [3]
__iar_dsub              0x00001569         Code  Gb  DblSub.o [4]
__iar_dsubStart         0x0000157b         Code  Gb  DblSub.o [4]
__iar_program_start     0x00003a19         Code  Gb  cstartup_M.o [5]
__iar_sh_Discard        0x00002d21   0x48  Code  Gb  XShHandles.o [3]
__iar_sh_Move           0x00002d69   0x4c  Code  Gb  XShHandles.o [3]
__iar_sh_Pos            0x00002db5   0x44  Code  Gb  XShHandles.o [3]
__iar_ui2d              0x0000153d         Code  Gb  I32ToDbl.o [4]
__iar_zero_init3        0x000010ef   0x22  Code  Gb  zero_init3.o [5]
__low_level_init        0x00003857    0x4  Code  Gb  low_level_init.o [3]
__lseek                 0x00002f95   0x4c  Code  Gb  lseek.o [6]
__startup               0x00000411         Code  Gb  crt0.o [1]
__vector_table          0x00000000  0x410  Data  Gb  vectors.o [1]
__write                 0x00002ff1   0x48  Code  Gb  write.o [1]
_call_main              0x0000384d         Code  Gb  cmain.o [5]
_exit                   0x00003861         Code  Gb  cexit.o [5]
_main                   0x00003853         Code  Gb  cmain.o [5]
common_startup          0x00001f61   0x9c  Code  Gb  startup.o [1]
core_clk_khz            0x1fffe550    0x4  Data  Gb  sysinit.o [1]
cpu_identify            0x00001c3b  0x1a0  Code  Gb  start.o [1]
default_isr             0x00003829   0x18  Code  Gb  vectors.o [1]
div                     0x00001b2d    0xe  Code  Gb  div.o [3]
ebuf                    0x1fffe558   0x50  Data  Lc  xfiles.o [3]
enable_irq              0x00002543   0x92  Code  Gb  arm_cm4.o [1]
exit                    0x0000385b    0x4  Code  Gb  exit.o [3]
fclose                  0x000032ed   0x7a  Code  Gb  fclose.o [3]
fflush                  0x00002f4f   0x34  Code  Gb  fflush.o [3]
fflushOne               0x00002ed9   0x76  Code  Lc  fflush.o [3]
flash_identify          0x00001ddb   0x94  Code  Gb  start.o [1]
fputc                   0x000033f1   0x56  Code  Gb  fputc.o [3]
free                    0x000031c5   0x7a  Code  Gb  xxmemxfree.o [3]
fseek                   0x000031a1   0x22  Code  Gb  fseek.o [3]
hw_gpio_get_port_addr   0x00002b19   0x2c  Code  Gb  hw_gpio.o [1]
hw_gpio_get_pt_addr     0x00002b45   0x2c  Code  Gb  hw_gpio.o [1]
hw_gpio_init            0x00002b9d   0x72  Code  Gb  hw_gpio.o [1]
hw_gpio_set             0x00002c0f   0x2a  Code  Gb  hw_gpio.o [1]
hw_spi_get_base_address
                        0x00002acb    0x4  Code  Gb  hw_spi.o [1]
hw_spi_init             0x000029f9   0x60  Code  Gb  hw_spi.o [1]
hw_spi_re               0x00002a9b   0x30  Code  Gb  hw_spi.o [1]
hw_spi_send             0x00002a59   0x42  Code  Gb  hw_spi.o [1]
hw_spi_start_transfer   0x00002b09   0x10  Code  Gb  hw_spi.o [1]
hw_spi_stop_transfer    0x00002af9   0x10  Code  Gb  hw_spi.o [1]
hw_uart0_232_re_int_open
                        0x000029c3   0x16  Code  Gb  uart.o [1]
hw_uart1_422_init       0x000029a1   0x22  Code  Gb  uart.o [1]
hw_uart_sendN           0x0000297f   0x22  Code  Gb  uart.o [1]
localeconv              0x00001afb   0x16  Code  Gb  localeconv.o [3]
main                    0x00002335  0x1e4  Code  Gb  hello_world.o [1]
malloc                  0x000030f1   0xac  Code  Gb  xxmemxmalloc.o [3]
mcg_clk_hz              0x1fffe548    0x4  Data  Gb  sysinit.o [1]
mcg_clk_khz             0x1fffe54c    0x4  Data  Gb  sysinit.o [1]
memchr                  0x00001161         Code  Gb  memchr.o [5]
obuf                    0x1fffe5a8   0x50  Data  Lc  xfiles.o [3]
outSRS                  0x000020e5  0x1da  Code  Gb  rcm.o [1]
periph_clk_khz          0x1fffe554    0x4  Data  Gb  sysinit.o [1]
pll_init                0x000025f5  0x298  Code  Gb  mcg.o [1]
printf                  0x00002519   0x24  Code  Gb  printf.o [3]
putchar                 0x0000389d    0xc  Code  Gb  putchar.o [3]
remove                  0x00003381   0x16  Code  Gb  remove.o [6]
sFileInfo               0x1fffe604   0x80  Data  Lc  XShHandles.o [3]
start                   0x00001c21   0x1a  Code  Gb  start.o [1]
strchr                  0x00001111         Code  Gb  strchr.o [5]
strlen                  0x00001129         Code  Gb  strlen.o [5]
sysinit                 0x00001ffd   0xbc  Code  Gb  sysinit.o [1]
uart_getchar            0x0000296b    0xa  Code  Gb  uart.o [1]
uart_init               0x000028d5   0x96  Code  Gb  uart.o [1]
uart_putchar            0x00002975    0xa  Code  Gb  uart.o [1]
wdog_disable            0x00001f29   0x16  Code  Gb  wdog.o [1]
wdog_unlock             0x00001f41   0x16  Code  Gb  wdog.o [1]
write_vtor              0x0000253d    0x6  Code  Gb  arm_cm4.o [1]


[1] = F:\svn_server\kinetis_sc\build\iar\hello_world\FLASH_128KB_PFLASH\Obj
[2] = command line
[3] = dl7M_tlf.a
[4] = m7M_tl.a
[5] = rt7M_tl.a
[6] = shb_l.a

  12 290 bytes of readonly  code memory
      20 bytes of readwrite code memory
   2 794 bytes of readonly  data memory
   1 735 bytes of readwrite data memory

Errors: none
Warnings: none
